// Jest Snapshot v1, https://goo.gl/fbAQLP

exports[`Events Reducer should match snapshot 1`] = `
Object {
  "events": Array [],
}
`;

exports[`Events Reducer should perform RequestEvents action 1`] = `
Object {
  "events": Array [],
}
`;

exports[`Events Reducer should perform SetEvents action 1`] = `
Object {
  "events": Array [],
}
`;
