// Jest Snapshot v1, https://goo.gl/fbAQLP

exports[`Matches Reducer should match snapshot 1`] = `
Object {
  "matches": Array [],
}
`;

exports[`Matches Reducer should perform GetMatches action 1`] = `
Object {
  "matches": Array [],
}
`;

exports[`Matches Reducer should perform SetMatches action 1`] = `
Object {
  "matches": Array [],
}
`;
